2026-07-27 11:39:02,343 - aqt.main - INFO - installer 140708312147584 aqtinstall(aqt) v3.3.0 on Python 3.11.13 [CPython GCC 8.5.0 20210514 (Red Hat 8.5.0-28)]
2026-07-27 11:39:09,173 - aqt.main - INFO - installer 140123294406272 aqtinstall(aqt) v3.3.0 on Python 3.11.13 [CPython GCC 8.5.0 20210514 (Red Hat 8.5.0-28)]
2026-07-27 11:39:09,189 - aqt.helper - DEBUG - helper 140123294406272 Attempt to download checksum at https://download.qt.io/online/qtsdkrepository/linux_x64/desktop/qt6_653/Updates.xml.sha256
2026-07-27 11:39:11,536 - aqt.main - ERROR - installer 140123294406272 The packages ['qtbase'] were not found while parsing XML of package information!
==============================Suggested follow-up:==============================
* Please use 'aqt list-qt linux desktop --modules 6.5.3 <arch>' to show modules available.
2026-07-27 11:39:21,209 - aqt.main - INFO - installer 140282913617536 aqtinstall(aqt) v3.3.0 on Python 3.11.13 [CPython GCC 8.5.0 20210514 (Red Hat 8.5.0-28)]
2026-07-27 11:39:21,210 - aqt.helper - DEBUG - helper 140282913617536 Attempt to download checksum at https://download.qt.io/online/qtsdkrepository/linux_x64/desktop/qt6_653/Updates.xml.sha256
2026-07-27 11:39:23,594 - aqt.main - ERROR - installer 140282913617536 The packages ['qt_base'] were not found while parsing XML of package information!
==============================Suggested follow-up:==============================
* Please use 'aqt list-qt linux desktop --arch 6.5.3' to show architectures available.
2026-07-27 11:39:29,475 - aqt.helper - DEBUG - helper 140587268667008 Attempt to download checksum at https://download.qt.io/online/qtsdkrepository/linux_x64/desktop/qt6_653/Updates.xml.sha256
2026-07-27 11:39:32,129 - aqt.helper - DEBUG - helper 140587268667008 Attempt to download checksum at https://download.qt.io/online/qtsdkrepository/linux_x64/desktop/qt6_653_wasm_singlethread/Updates.xml.sha256
2026-07-27 11:39:34,534 - aqt.helper - DEBUG - helper 140587268667008 Attempt to download checksum at https://download.qt.io/online/qtsdkrepository/linux_x64/desktop/qt6_653_wasm_multithread/Updates.xml.sha256
2026-07-27 11:39:45,342 - aqt.main - INFO - installer 140143924086400 aqtinstall(aqt) v3.3.0 on Python 3.11.13 [CPython GCC 8.5.0 20210514 (Red Hat 8.5.0-28)]
2026-07-27 11:39:45,343 - aqt.helper - DEBUG - helper 140143924086400 Attempt to download checksum at https://download.qt.io/online/qtsdkrepository/linux_x64/desktop/qt6_653/Updates.xml.sha256
2026-07-27 11:39:47,843 - aqt.helper - DEBUG - helper 140149515167360 Attempt to download checksum at https://download.qt.io/online/qtsdkrepository/linux_x64/desktop/qt6_653/qt.qt6.653.gcc_64/6.5.3-0-202309260341qtbase-Linux-RHEL_8_4-GCC-Linux-RHEL_8_4-X86_64.7z.sha256
2026-07-27 11:39:47,918 - aqt.helper - DEBUG - helper 140541105571456 Attempt to download checksum at https://download.qt.io/online/qtsdkrepository/linux_x64/desktop/qt6_653/qt.qt6.653.gcc_64/6.5.3-0-202309260341qtdeclarative-Linux-RHEL_8_4-GCC-Linux-RHEL_8_4-X86_64.7z.sha256
2026-07-27 11:39:47,918 - aqt.helper - DEBUG - helper 140080082134656 Attempt to download checksum at https://download.qt.io/online/qtsdkrepository/linux_x64/desktop/qt6_653/qt.qt6.653.gcc_64/6.5.3-0-202309260341qtsvg-Linux-RHEL_8_4-GCC-Linux-RHEL_8_4-X86_64.7z.sha256
2026-07-27 11:39:47,918 - aqt.helper - DEBUG - helper 140377354856064 Attempt to download checksum at https://download.qt.io/online/qtsdkrepository/linux_x64/desktop/qt6_653/qt.qt6.653.gcc_64/6.5.3-0-202309260341qttools-Linux-RHEL_8_4-GCC-Linux-RHEL_8_4-X86_64.7z.sha256
2026-07-27 11:39:49,083 - aqt.helper - INFO - helper 140377354856064 Downloading qttools...
2026-07-27 11:39:49,084 - aqt.installer - DEBUG - installer 140377354856064 Download URL: https://download.qt.io/online/qtsdkrepository/linux_x64/desktop/qt6_653/qt.qt6.653.gcc_64/6.5.3-0-202309260341qttools-Linux-RHEL_8_4-GCC-Linux-RHEL_8_4-X86_64.7z
2026-07-27 11:39:49,087 - aqt.helper - INFO - helper 140541105571456 Downloading qtdeclarative...
2026-07-27 11:39:49,087 - aqt.installer - DEBUG - installer 140541105571456 Download URL: https://download.qt.io/online/qtsdkrepository/linux_x64/desktop/qt6_653/qt.qt6.653.gcc_64/6.5.3-0-202309260341qtdeclarative-Linux-RHEL_8_4-GCC-Linux-RHEL_8_4-X86_64.7z
2026-07-27 11:39:49,090 - aqt.helper - INFO - helper 140080082134656 Downloading qtsvg...
2026-07-27 11:39:49,090 - aqt.installer - DEBUG - installer 140080082134656 Download URL: https://download.qt.io/online/qtsdkrepository/linux_x64/desktop/qt6_653/qt.qt6.653.gcc_64/6.5.3-0-202309260341qtsvg-Linux-RHEL_8_4-GCC-Linux-RHEL_8_4-X86_64.7z
2026-07-27 11:39:49,131 - aqt.helper - INFO - helper 140149515167360 Downloading qtbase...
2026-07-27 11:39:49,132 - aqt.installer - DEBUG - installer 140149515167360 Download URL: https://download.qt.io/online/qtsdkrepository/linux_x64/desktop/qt6_653/qt.qt6.653.gcc_64/6.5.3-0-202309260341qtbase-Linux-RHEL_8_4-GCC-Linux-RHEL_8_4-X86_64.7z
2026-07-27 11:39:50,253 - aqt.helper - DEBUG - helper 140080082134656 Asked to redirect(302) to: https://ftp.jaist.ac.jp/pub/qtproject/online/qtsdkrepository/linux_x64/desktop/qt6_653/qt.qt6.653.gcc_64/6.5.3-0-202309260341qtsvg-Linux-RHEL_8_4-GCC-Linux-RHEL_8_4-X86_64.7z
2026-07-27 11:39:50,253 - aqt.helper - INFO - helper 140080082134656 Redirected: ftp.jaist.ac.jp
2026-07-27 11:39:50,257 - aqt.helper - DEBUG - helper 140541105571456 Asked to redirect(302) to: https://ftp.jaist.ac.jp/pub/qtproject/online/qtsdkrepository/linux_x64/desktop/qt6_653/qt.qt6.653.gcc_64/6.5.3-0-202309260341qtdeclarative-Linux-RHEL_8_4-GCC-Linux-RHEL_8_4-X86_64.7z
2026-07-27 11:39:50,257 - aqt.helper - INFO - helper 140541105571456 Redirected: ftp.jaist.ac.jp
2026-07-27 11:39:50,327 - aqt.helper - DEBUG - helper 140377354856064 Asked to redirect(302) to: https://ftp.jaist.ac.jp/pub/qtproject/online/qtsdkrepository/linux_x64/desktop/qt6_653/qt.qt6.653.gcc_64/6.5.3-0-202309260341qttools-Linux-RHEL_8_4-GCC-Linux-RHEL_8_4-X86_64.7z
2026-07-27 11:39:50,327 - aqt.helper - INFO - helper 140377354856064 Redirected: ftp.jaist.ac.jp
2026-07-27 11:39:50,589 - aqt.helper - DEBUG - helper 140149515167360 Asked to redirect(302) to: https://ftp.jaist.ac.jp/pub/qtproject/online/qtsdkrepository/linux_x64/desktop/qt6_653/qt.qt6.653.gcc_64/6.5.3-0-202309260341qtbase-Linux-RHEL_8_4-GCC-Linux-RHEL_8_4-X86_64.7z
2026-07-27 11:39:50,589 - aqt.helper - INFO - helper 140149515167360 Redirected: ftp.jaist.ac.jp
2026-07-27 11:39:50,818 - aqt.installer - INFO - installer 140080082134656 Finished installation of qtsvg-Linux-RHEL_8_4-GCC-Linux-RHEL_8_4-X86_64.7z in 2.95620387
2026-07-27 11:39:50,827 - aqt.helper - DEBUG - helper 140080082134656 Attempt to download checksum at https://download.qt.io/online/qtsdkrepository/linux_x64/desktop/qt6_653/qt.qt6.653.gcc_64/6.5.3-0-202309260341qttranslations-Linux-RHEL_8_4-GCC-Linux-RHEL_8_4-X86_64.7z.sha256
2026-07-27 11:39:52,012 - aqt.helper - INFO - helper 140080082134656 Downloading qttranslations...
2026-07-27 11:39:52,012 - aqt.installer - DEBUG - installer 140080082134656 Download URL: https://download.qt.io/online/qtsdkrepository/linux_x64/desktop/qt6_653/qt.qt6.653.gcc_64/6.5.3-0-202309260341qttranslations-Linux-RHEL_8_4-GCC-Linux-RHEL_8_4-X86_64.7z
2026-07-27 11:39:53,216 - aqt.helper - DEBUG - helper 140080082134656 Asked to redirect(302) to: https://ftp.jaist.ac.jp/pub/qtproject/online/qtsdkrepository/linux_x64/desktop/qt6_653/qt.qt6.653.gcc_64/6.5.3-0-202309260341qttranslations-Linux-RHEL_8_4-GCC-Linux-RHEL_8_4-X86_64.7z
2026-07-27 11:39:53,216 - aqt.helper - INFO - helper 140080082134656 Redirected: ftp.jaist.ac.jp
2026-07-27 11:40:01,947 - aqt.installer - INFO - installer 140080082134656 Finished installation of qttranslations-Linux-RHEL_8_4-GCC-Linux-RHEL_8_4-X86_64.7z in 11.11994893
2026-07-27 11:40:01,956 - aqt.helper - DEBUG - helper 140080082134656 Attempt to download checksum at https://download.qt.io/online/qtsdkrepository/linux_x64/desktop/qt6_653/qt.qt6.653.gcc_64/6.5.3-0-202309260341qtwayland-Linux-RHEL_8_4-GCC-Linux-RHEL_8_4-X86_64.7z.sha256
2026-07-27 11:40:03,191 - aqt.helper - INFO - helper 140080082134656 Downloading qtwayland...
2026-07-27 11:40:03,867 - aqt.installer - DEBUG - installer 140080082134656 Download URL: https://download.qt.io/online/qtsdkrepository/linux_x64/desktop/qt6_653/qt.qt6.653.gcc_64/6.5.3-0-202309260341qtwayland-Linux-RHEL_8_4-GCC-Linux-RHEL_8_4-X86_64.7z
2026-07-27 11:40:05,057 - aqt.helper - DEBUG - helper 140080082134656 Asked to redirect(302) to: https://ftp.jaist.ac.jp/pub/qtproject/online/qtsdkrepository/linux_x64/desktop/qt6_653/qt.qt6.653.gcc_64/6.5.3-0-202309260341qtwayland-Linux-RHEL_8_4-GCC-Linux-RHEL_8_4-X86_64.7z
2026-07-27 11:40:05,250 - aqt.helper - INFO - helper 140080082134656 Redirected: ftp.jaist.ac.jp
2026-07-27 11:40:06,828 - aqt.installer - INFO - installer 140080082134656 Finished installation of qtwayland-Linux-RHEL_8_4-GCC-Linux-RHEL_8_4-X86_64.7z in 4.87285884
2026-07-27 11:40:06,838 - aqt.helper - DEBUG - helper 140080082134656 Attempt to download checksum at https://download.qt.io/online/qtsdkrepository/linux_x64/desktop/qt6_653/qt.qt6.653.gcc_64/6.5.3-0-202309260341icu-linux-Rhel7.2-x64.7z.sha256
2026-07-27 11:40:08,039 - aqt.helper - INFO - helper 140080082134656 Downloading icu...
2026-07-27 11:40:08,039 - aqt.installer - DEBUG - installer 140080082134656 Download URL: https://download.qt.io/online/qtsdkrepository/linux_x64/desktop/qt6_653/qt.qt6.653.gcc_64/6.5.3-0-202309260341icu-linux-Rhel7.2-x64.7z
2026-07-27 11:40:09,213 - aqt.helper - DEBUG - helper 140080082134656 Asked to redirect(302) to: https://ftp.jaist.ac.jp/pub/qtproject/online/qtsdkrepository/linux_x64/desktop/qt6_653/qt.qt6.653.gcc_64/6.5.3-0-202309260341icu-linux-Rhel7.2-x64.7z
2026-07-27 11:40:09,214 - aqt.helper - INFO - helper 140080082134656 Redirected: ftp.jaist.ac.jp
2026-07-27 11:40:17,605 - aqt.installer - INFO - installer 140080082134656 Finished installation of icu-linux-Rhel7.2-x64.7z in 10.76842655
2026-07-27 11:40:22,769 - aqt.installer - INFO - installer 140149515167360 Finished installation of qtbase-Linux-RHEL_8_4-GCC-Linux-RHEL_8_4-X86_64.7z in 34.92662535
2026-07-27 11:40:24,209 - aqt.installer - INFO - installer 140377354856064 Finished installation of qttools-Linux-RHEL_8_4-GCC-Linux-RHEL_8_4-X86_64.7z in 36.33999271
2026-07-27 11:41:30,292 - aqt.installer - INFO - installer 140541105571456 Finished installation of qtdeclarative-Linux-RHEL_8_4-GCC-Linux-RHEL_8_4-X86_64.7z in 102.42958744
2026-07-27 11:41:31,480 - aqt.updater - INFO - updater 140143924086400 Patching /home/knight2/Qt/6.5.3/gcc_64/bin/qmake
2026-07-27 11:41:31,510 - aqt.updater - INFO - updater 140143924086400 Patching /home/knight2/Qt/6.5.3/gcc_64/lib/pkgconfig/Qt6LabsSettings.pc
2026-07-27 11:41:31,510 - aqt.updater - INFO - updater 140143924086400 Patching /home/knight2/Qt/6.5.3/gcc_64/lib/pkgconfig/Qt6QmlXmlListModel.pc
2026-07-27 11:41:31,510 - aqt.updater - INFO - updater 140143924086400 Patching /home/knight2/Qt/6.5.3/gcc_64/lib/pkgconfig/Qt6DBus.pc
2026-07-27 11:41:31,510 - aqt.updater - INFO - updater 140143924086400 Patching /home/knight2/Qt/6.5.3/gcc_64/lib/pkgconfig/Qt6QmlWorkerScript.pc
2026-07-27 11:41:31,510 - aqt.updater - INFO - updater 140143924086400 Patching /home/knight2/Qt/6.5.3/gcc_64/lib/pkgconfig/Qt6LabsFolderListModel.pc
2026-07-27 11:41:31,510 - aqt.updater - INFO - updater 140143924086400 Patching /home/knight2/Qt/6.5.3/gcc_64/lib/pkgconfig/Qt6QmlIntegration.pc
2026-07-27 11:41:31,510 - aqt.updater - INFO - updater 140143924086400 Patching /home/knight2/Qt/6.5.3/gcc_64/lib/pkgconfig/Qt6Core.pc
2026-07-27 11:41:31,510 - aqt.updater - INFO - updater 140143924086400 Patching /home/knight2/Qt/6.5.3/gcc_64/lib/pkgconfig/Qt6QuickDialogs2Utils.pc
2026-07-27 11:41:31,510 - aqt.updater - INFO - updater 140143924086400 Patching /home/knight2/Qt/6.5.3/gcc_64/lib/pkgconfig/Qt6Gui.pc
2026-07-27 11:41:31,510 - aqt.updater - INFO - updater 140143924086400 Patching /home/knight2/Qt/6.5.3/gcc_64/lib/pkgconfig/Qt6Linguist.pc
2026-07-27 11:41:31,510 - aqt.updater - INFO - updater 140143924086400 Patching /home/knight2/Qt/6.5.3/gcc_64/lib/pkgconfig/Qt6Test.pc
2026-07-27 11:41:31,510 - aqt.updater - INFO - updater 140143924086400 Patching /home/knight2/Qt/6.5.3/gcc_64/lib/pkgconfig/Qt6SvgWidgets.pc
2026-07-27 11:41:31,511 - aqt.updater - INFO - updater 140143924086400 Patching /home/knight2/Qt/6.5.3/gcc_64/lib/pkgconfig/Qt6UiPlugin.pc
2026-07-27 11:41:31,511 - aqt.updater - INFO - updater 140143924086400 Patching /home/knight2/Qt/6.5.3/gcc_64/lib/pkgconfig/Qt6QuickTest.pc
2026-07-27 11:41:31,511 - aqt.updater - INFO - updater 140143924086400 Patching /home/knight2/Qt/6.5.3/gcc_64/lib/pkgconfig/Qt6QuickWidgets.pc
2026-07-27 11:41:31,511 - aqt.updater - INFO - updater 140143924086400 Patching /home/knight2/Qt/6.5.3/gcc_64/lib/pkgconfig/Qt6QmlLocalStorage.pc
2026-07-27 11:41:31,511 - aqt.updater - INFO - updater 140143924086400 Patching /home/knight2/Qt/6.5.3/gcc_64/lib/pkgconfig/Qt6Sql.pc
2026-07-27 11:41:31,511 - aqt.updater - INFO - updater 140143924086400 Patching /home/knight2/Qt/6.5.3/gcc_64/lib/pkgconfig/Qt6OpenGL.pc
2026-07-27 11:41:31,511 - aqt.updater - INFO - updater 140143924086400 Patching /home/knight2/Qt/6.5.3/gcc_64/lib/pkgconfig/Qt6PrintSupport.pc
2026-07-27 11:41:31,511 - aqt.updater - INFO - updater 140143924086400 Patching /home/knight2/Qt/6.5.3/gcc_64/lib/pkgconfig/Qt6UiTools.pc
2026-07-27 11:41:31,511 - aqt.updater - INFO - updater 140143924086400 Patching /home/knight2/Qt/6.5.3/gcc_64/lib/pkgconfig/Qt6LabsSharedImage.pc
2026-07-27 11:41:31,511 - aqt.updater - INFO - updater 140143924086400 Patching /home/knight2/Qt/6.5.3/gcc_64/lib/pkgconfig/Qt6QuickDialogs2.pc
2026-07-27 11:41:31,511 - aqt.updater - INFO - updater 140143924086400 Patching /home/knight2/Qt/6.5.3/gcc_64/lib/pkgconfig/Qt6Concurrent.pc
2026-07-27 11:41:31,511 - aqt.updater - INFO - updater 140143924086400 Patching /home/knight2/Qt/6.5.3/gcc_64/lib/pkgconfig/Qt6QmlCore.pc
2026-07-27 11:41:31,511 - aqt.updater - INFO - updater 140143924086400 Patching /home/knight2/Qt/6.5.3/gcc_64/lib/pkgconfig/Qt6Network.pc
2026-07-27 11:41:31,511 - aqt.updater - INFO - updater 140143924086400 Patching /home/knight2/Qt/6.5.3/gcc_64/lib/pkgconfig/Qt6OpenGLWidgets.pc
2026-07-27 11:41:31,511 - aqt.updater - INFO - updater 140143924086400 Patching /home/knight2/Qt/6.5.3/gcc_64/lib/pkgconfig/Qt6Xml.pc
2026-07-27 11:41:31,535 - aqt.updater - INFO - updater 140143924086400 Patching /home/knight2/Qt/6.5.3/gcc_64/lib/pkgconfig/Qt6QuickTemplates2.pc
2026-07-27 11:41:31,535 - aqt.updater - INFO - updater 140143924086400 Patching /home/knight2/Qt/6.5.3/gcc_64/lib/pkgconfig/Qt6LabsQmlModels.pc
2026-07-27 11:41:31,535 - aqt.updater - INFO - updater 140143924086400 Patching /home/knight2/Qt/6.5.3/gcc_64/lib/pkgconfig/Qt6Svg.pc
2026-07-27 11:41:31,535 - aqt.updater - INFO - updater 140143924086400 Patching /home/knight2/Qt/6.5.3/gcc_64/lib/pkgconfig/Qt6Widgets.pc
2026-07-27 11:41:31,535 - aqt.updater - INFO - updater 140143924086400 Patching /home/knight2/Qt/6.5.3/gcc_64/lib/pkgconfig/Qt6Help.pc
2026-07-27 11:41:31,535 - aqt.updater - INFO - updater 140143924086400 Patching /home/knight2/Qt/6.5.3/gcc_64/lib/pkgconfig/Qt6Quick.pc
2026-07-27 11:41:31,535 - aqt.updater - INFO - updater 140143924086400 Patching /home/knight2/Qt/6.5.3/gcc_64/lib/pkgconfig/Qt6Platform.pc
2026-07-27 11:41:31,535 - aqt.updater - INFO - updater 140143924086400 Patching /home/knight2/Qt/6.5.3/gcc_64/lib/pkgconfig/Qt6WaylandClient.pc
2026-07-27 11:41:31,535 - aqt.updater - INFO - updater 140143924086400 Patching /home/knight2/Qt/6.5.3/gcc_64/lib/pkgconfig/Qt6QuickControls2.pc
2026-07-27 11:41:31,535 - aqt.updater - INFO - updater 140143924086400 Patching /home/knight2/Qt/6.5.3/gcc_64/lib/pkgconfig/Qt6QuickLayouts.pc
2026-07-27 11:41:31,535 - aqt.updater - INFO - updater 140143924086400 Patching /home/knight2/Qt/6.5.3/gcc_64/lib/pkgconfig/Qt6LabsAnimation.pc
2026-07-27 11:41:31,535 - aqt.updater - INFO - updater 140143924086400 Patching /home/knight2/Qt/6.5.3/gcc_64/lib/pkgconfig/Qt6LabsWavefrontMesh.pc
2026-07-27 11:41:31,535 - aqt.updater - INFO - updater 140143924086400 Patching /home/knight2/Qt/6.5.3/gcc_64/lib/pkgconfig/Qt6QuickControls2Impl.pc
2026-07-27 11:41:31,535 - aqt.updater - INFO - updater 140143924086400 Patching /home/knight2/Qt/6.5.3/gcc_64/lib/pkgconfig/Qt6Designer.pc
2026-07-27 11:41:31,536 - aqt.updater - INFO - updater 140143924086400 Patching /home/knight2/Qt/6.5.3/gcc_64/lib/pkgconfig/Qt6QuickDialogs2QuickImpl.pc
2026-07-27 11:41:31,536 - aqt.updater - INFO - updater 140143924086400 Patching /home/knight2/Qt/6.5.3/gcc_64/lib/pkgconfig/Qt6QmlModels.pc
2026-07-27 11:41:31,536 - aqt.updater - INFO - updater 140143924086400 Patching /home/knight2/Qt/6.5.3/gcc_64/lib/pkgconfig/Qt6Qml.pc
2026-07-27 11:41:31,536 - aqt.updater - INFO - updater 140143924086400 Patching /home/knight2/Qt/6.5.3/gcc_64/lib/libQt6QuickControlsTestUtils.prl
2026-07-27 11:41:31,536 - aqt.updater - INFO - updater 140143924086400 Patching /home/knight2/Qt/6.5.3/gcc_64/lib/libQt6Core.prl
2026-07-27 11:41:31,536 - aqt.updater - INFO - updater 140143924086400 Patching /home/knight2/Qt/6.5.3/gcc_64/lib/libQt6QuickEffects.prl
2026-07-27 11:41:31,536 - aqt.updater - INFO - updater 140143924086400 Patching /home/knight2/Qt/6.5.3/gcc_64/lib/libQt6QuickControls2Impl.prl
2026-07-27 11:41:31,536 - aqt.updater - INFO - updater 140143924086400 Patching /home/knight2/Qt/6.5.3/gcc_64/lib/libQt6Help.prl
2026-07-27 11:41:31,536 - aqt.updater - INFO - updater 140143924086400 Patching /home/knight2/Qt/6.5.3/gcc_64/lib/libQt6QuickParticles.prl
2026-07-27 11:41:31,536 - aqt.updater - INFO - updater 140143924086400 Patching /home/knight2/Qt/6.5.3/gcc_64/lib/libQt6KmsSupport.prl
2026-07-27 11:41:31,536 - aqt.updater - INFO - updater 140143924086400 Patching /home/knight2/Qt/6.5.3/gcc_64/lib/libQt6QmlDebug.prl
2026-07-27 11:41:31,536 - aqt.updater - INFO - updater 140143924086400 Patching /home/knight2/Qt/6.5.3/gcc_64/lib/libQt6SvgWidgets.prl
2026-07-27 11:41:31,536 - aqt.updater - INFO - updater 140143924086400 Patching /home/knight2/Qt/6.5.3/gcc_64/lib/libQt6QmlXmlListModel.prl
2026-07-27 11:41:31,536 - aqt.updater - INFO - updater 140143924086400 Patching /home/knight2/Qt/6.5.3/gcc_64/lib/libQt6QmlDom.prl
2026-07-27 11:41:31,536 - aqt.updater - INFO - updater 140143924086400 Patching /home/knight2/Qt/6.5.3/gcc_64/lib/libQt6PacketProtocol.prl
2026-07-27 11:41:31,537 - aqt.updater - INFO - updater 140143924086400 Patching /home/knight2/Qt/6.5.3/gcc_64/lib/libQt6QuickTest.prl
2026-07-27 11:41:31,537 - aqt.updater - INFO - updater 140143924086400 Patching /home/knight2/Qt/6.5.3/gcc_64/lib/libQt6QuickTemplates2.prl
2026-07-27 11:41:31,537 - aqt.updater - INFO - updater 140143924086400 Patching /home/knight2/Qt/6.5.3/gcc_64/lib/libQt6WaylandClient.prl
2026-07-27 11:41:31,537 - aqt.updater - INFO - updater 140143924086400 Patching /home/knight2/Qt/6.5.3/gcc_64/lib/libQt6OpenGLWidgets.prl
2026-07-27 11:41:31,537 - aqt.updater - INFO - updater 140143924086400 Patching /home/knight2/Qt/6.5.3/gcc_64/lib/libQt6XcbQpa.prl
2026-07-27 11:41:31,537 - aqt.updater - INFO - updater 140143924086400 Patching /home/knight2/Qt/6.5.3/gcc_64/lib/libQt6LabsSharedImage.prl
2026-07-27 11:41:31,537 - aqt.updater - INFO - updater 140143924086400 Patching /home/knight2/Qt/6.5.3/gcc_64/lib/libQt6WaylandEglClientHwIntegration.prl
2026-07-27 11:41:31,537 - aqt.updater - INFO - updater 140143924086400 Patching /home/knight2/Qt/6.5.3/gcc_64/lib/libQt6QmlModels.prl
2026-07-27 11:41:31,537 - aqt.updater - INFO - updater 140143924086400 Patching /home/knight2/Qt/6.5.3/gcc_64/lib/libQt6FbSupport.prl
2026-07-27 11:41:31,537 - aqt.updater - INFO - updater 140143924086400 Patching /home/knight2/Qt/6.5.3/gcc_64/lib/libQt6EglFsKmsSupport.prl
2026-07-27 11:41:31,564 - aqt.updater - INFO - updater 140143924086400 Patching /home/knight2/Qt/6.5.3/gcc_64/lib/libQt6ExampleIcons.prl
2026-07-27 11:41:31,564 - aqt.updater - INFO - updater 140143924086400 Patching /home/knight2/Qt/6.5.3/gcc_64/lib/libQt6Svg.prl
2026-07-27 11:41:31,564 - aqt.updater - INFO - updater 140143924086400 Patching /home/knight2/Qt/6.5.3/gcc_64/lib/libQt6Quick.prl
2026-07-27 11:41:31,564 - aqt.updater - INFO - updater 140143924086400 Patching /home/knight2/Qt/6.5.3/gcc_64/lib/libQt6QuickShapes.prl
2026-07-27 11:41:31,564 - aqt.updater - INFO - updater 140143924086400 Patching /home/knight2/Qt/6.5.3/gcc_64/lib/libQt6LabsAnimation.prl
2026-07-27 11:41:31,564 - aqt.updater - INFO - updater 140143924086400 Patching /home/knight2/Qt/6.5.3/gcc_64/lib/libQt6LabsSettings.prl
2026-07-27 11:41:31,564 - aqt.updater - INFO - updater 140143924086400 Patching /home/knight2/Qt/6.5.3/gcc_64/lib/libQt6LabsFolderListModel.prl
2026-07-27 11:41:31,564 - aqt.updater - INFO - updater 140143924086400 Patching /home/knight2/Qt/6.5.3/gcc_64/lib/libQt6WlShellIntegration.prl
2026-07-27 11:41:31,564 - aqt.updater - INFO - updater 140143924086400 Patching /home/knight2/Qt/6.5.3/gcc_64/lib/libQt6DBus.prl
2026-07-27 11:41:31,564 - aqt.updater - INFO - updater 140143924086400 Patching /home/knight2/Qt/6.5.3/gcc_64/lib/libQt6QmlLocalStorage.prl
2026-07-27 11:41:31,564 - aqt.updater - INFO - updater 140143924086400 Patching /home/knight2/Qt/6.5.3/gcc_64/lib/libQt6UiTools.prl
2026-07-27 11:41:31,564 - aqt.updater - INFO - updater 140143924086400 Patching /home/knight2/Qt/6.5.3/gcc_64/lib/libQt6DeviceDiscoverySupport.prl
2026-07-27 11:41:31,564 - aqt.updater - INFO - updater 140143924086400 Patching /home/knight2/Qt/6.5.3/gcc_64/lib/libQt6QuickWidgets.prl
2026-07-27 11:41:31,564 - aqt.updater - INFO - updater 140143924086400 Patching /home/knight2/Qt/6.5.3/gcc_64/lib/libQt6Network.prl
2026-07-27 11:41:31,565 - aqt.updater - INFO - updater 140143924086400 Patching /home/knight2/Qt/6.5.3/gcc_64/lib/libQt6Sql.prl
2026-07-27 11:41:31,565 - aqt.updater - INFO - updater 140143924086400 Patching /home/knight2/Qt/6.5.3/gcc_64/lib/libQt6PrintSupport.prl
2026-07-27 11:41:31,565 - aqt.updater - INFO - updater 140143924086400 Patching /home/knight2/Qt/6.5.3/gcc_64/lib/libQt6LabsQmlModels.prl
2026-07-27 11:41:31,565 - aqt.updater - INFO - updater 140143924086400 Patching /home/knight2/Qt/6.5.3/gcc_64/lib/libQt6Concurrent.prl
2026-07-27 11:41:31,565 - aqt.updater - INFO - updater 140143924086400 Patching /home/knight2/Qt/6.5.3/gcc_64/lib/libQt6LabsWavefrontMesh.prl
2026-07-27 11:41:31,565 - aqt.updater - INFO - updater 140143924086400 Patching /home/knight2/Qt/6.5.3/gcc_64/lib/libQt6Designer.prl
2026-07-27 11:41:31,565 - aqt.updater - INFO - updater 140143924086400 Patching /home/knight2/Qt/6.5.3/gcc_64/lib/libQt6QuickDialogs2Utils.prl
2026-07-27 11:41:31,565 - aqt.updater - INFO - updater 140143924086400 Patching /home/knight2/Qt/6.5.3/gcc_64/lib/libQt6EglFSDeviceIntegration.prl
2026-07-27 11:41:31,565 - aqt.updater - INFO - updater 140143924086400 Patching /home/knight2/Qt/6.5.3/gcc_64/lib/libQt6QuickLayouts.prl
2026-07-27 11:41:31,565 - aqt.updater - INFO - updater 140143924086400 Patching /home/knight2/Qt/6.5.3/gcc_64/lib/libQt6OpenGL.prl
2026-07-27 11:41:31,565 - aqt.updater - INFO - updater 140143924086400 Patching /home/knight2/Qt/6.5.3/gcc_64/lib/libQt6Widgets.prl
2026-07-27 11:41:31,565 - aqt.updater - INFO - updater 140143924086400 Patching /home/knight2/Qt/6.5.3/gcc_64/lib/libQt6QmlCore.prl
2026-07-27 11:41:31,565 - aqt.updater - INFO - updater 140143924086400 Patching /home/knight2/Qt/6.5.3/gcc_64/lib/libQt6QmlWorkerScript.prl
2026-07-27 11:41:31,565 - aqt.updater - INFO - updater 140143924086400 Patching /home/knight2/Qt/6.5.3/gcc_64/lib/libQt6Test.prl
2026-07-27 11:41:31,565 - aqt.updater - INFO - updater 140143924086400 Patching /home/knight2/Qt/6.5.3/gcc_64/lib/libQt6QuickDialogs2QuickImpl.prl
2026-07-27 11:41:31,565 - aqt.updater - INFO - updater 140143924086400 Patching /home/knight2/Qt/6.5.3/gcc_64/lib/libQt6Qml.prl
2026-07-27 11:41:31,565 - aqt.updater - INFO - updater 140143924086400 Patching /home/knight2/Qt/6.5.3/gcc_64/lib/libQt6QuickControls2.prl
2026-07-27 11:41:31,565 - aqt.updater - INFO - updater 140143924086400 Patching /home/knight2/Qt/6.5.3/gcc_64/lib/libQt6QuickDialogs2.prl
2026-07-27 11:41:31,565 - aqt.updater - INFO - updater 140143924086400 Patching /home/knight2/Qt/6.5.3/gcc_64/lib/libQt6Gui.prl
2026-07-27 11:41:31,565 - aqt.updater - INFO - updater 140143924086400 Patching /home/knight2/Qt/6.5.3/gcc_64/lib/libQt6InputSupport.prl
2026-07-27 11:41:31,565 - aqt.updater - INFO - updater 140143924086400 Patching /home/knight2/Qt/6.5.3/gcc_64/lib/libQt6DesignerComponents.prl
2026-07-27 11:41:31,565 - aqt.updater - INFO - updater 140143924086400 Patching /home/knight2/Qt/6.5.3/gcc_64/lib/libQt6QuickTestUtils.prl
2026-07-27 11:41:31,565 - aqt.updater - INFO - updater 140143924086400 Patching /home/knight2/Qt/6.5.3/gcc_64/lib/libQt6Xml.prl
2026-07-27 11:41:31,565 - aqt.updater - INFO - updater 140143924086400 Patching /home/knight2/Qt/6.5.3/gcc_64/lib/libQt6QmlTypeRegistrar.prl
2026-07-27 11:41:31,594 - aqt.updater - INFO - updater 140143924086400 Patching /home/knight2/Qt/6.5.3/gcc_64/lib/libQt6QmlCompiler.prl
2026-07-27 11:41:31,594 - aqt.main - INFO - installer 140143924086400 Finished installation
2026-07-27 11:41:31,594 - aqt.main - INFO - installer 140143924086400 Time elapsed: 106.25161776 second
2026-07-27 11:43:44,084 - aqt.main - INFO - installer 139927061341824 aqtinstall(aqt) v3.3.0 on Python 3.11.13 [CPython GCC 8.5.0 20210514 (Red Hat 8.5.0-28)]
